// Jest Snapshot v1, https://goo.gl/fbAQLP

exports[`parseBcpEmailV2 normalizes PEN card purchase email: card_purchase_pen 1`] = `
{
  "accountRef": undefined,
  "amount": {
    "currency": "PEN",
    "value": "125.90",
  },
  "balanceAfter": undefined,
  "cardLast4": "4321",
  "channel": undefined,
  "confidence": 1,
  "exchangeRate": {
    "used": false,
  },
  "location": "Lima",
  "merchant": "SUPERMERCADO LIMA",
  "notes": undefined,
  "occurredAt": "2024-05-12T19:35:00-05:00",
  "operationId": "OP123456",
  "source": "BCP",
  "template": "card_purchase",
}
`;
